###############################################################################
#
# IAR ELF Linker V3.11.1.207 for STM8                     07/Oct/2020  13:59:34
# Copyright 2010-2019 IAR Systems AB.
#
#    Output file  =  
#        D:\2020\thang_3\breadboard\Breadboad_Stm8\breadboard_stm8\Project\Debug\Exe\breadboard_stm8.out
#    Map file     =  
#        D:\2020\thang_3\breadboard\Breadboad_Stm8\breadboard_stm8\Project\Debug\List\breadboard_stm8.map
#    Command line =  
#        -f C:\Users\QUANG_~1\AppData\Local\Temp\EW354C.tmp
#        (D:\2020\thang_3\breadboard\Breadboad_Stm8\breadboard_stm8\Project\Debug\Obj\Config_GPIO.o
#        D:\2020\thang_3\breadboard\Breadboad_Stm8\breadboard_stm8\Project\Debug\Obj\DELAY.o
#        D:\2020\thang_3\breadboard\Breadboad_Stm8\breadboard_stm8\Project\Debug\Obj\main.o
#        D:\2020\thang_3\breadboard\Breadboad_Stm8\breadboard_stm8\Project\Debug\Obj\stm8s_gpio.o
#        D:\2020\thang_3\breadboard\Breadboad_Stm8\breadboard_stm8\Project\Debug\Obj\stm8s_it.o
#        D:\2020\thang_3\breadboard\Breadboad_Stm8\breadboard_stm8\Project\Debug\Obj\SYS.o
#        D:\2020\thang_3\breadboard\Breadboad_Stm8\breadboard_stm8\Project\Debug\Obj\tiny-json.o
#        D:\2020\thang_3\breadboard\Breadboad_Stm8\breadboard_stm8\Project\Debug\Obj\uart.o
#        --redirect _Printf=_PrintfFullNoMb --redirect _Scanf=_ScanfFullNoMb
#        --no_out_extension -o
#        D:\2020\thang_3\breadboard\Breadboad_Stm8\breadboard_stm8\Project\Debug\Exe\breadboard_stm8.out
#        --map
#        D:\2020\thang_3\breadboard\Breadboad_Stm8\breadboard_stm8\Project\Debug\List\breadboard_stm8.map
#        --config "C:\Program Files (x86)\IAR Systems\Embedded Workbench
#        8.3\stm8\config\lnkstm8s003f3.icf" --config_def _CSTACK_SIZE=0x100
#        --config_def _HEAP_SIZE=0x100 --entry __iar_program_start --debug_lib)
#
###############################################################################

*******************************************************************************
*** RUNTIME MODEL ATTRIBUTES
***

__SystemLibrary            = DLib
__code_model               = small
__core                     = stm8
__data_model               = medium
__dlib_file_descriptor     = 0
__dlib_full_locale_support = 0
__rt_version               = 4


*******************************************************************************
*** PLACEMENT SUMMARY
***

"A0":  place at start of [0x000000-0x0000ff] { rw section .vregs };
"A1":  place at end of [0x000000-0x0003ff] { block CSTACK };
"P2":  place in [from 0x000000 to 0x0003ff] {
          block HEAP, rw section __DLIB_PERTHREAD, rw section .far.bss,
          rw section .far.data, rw section .far.noinit,
          rw section .far_func.textrw, rw section .huge.bss,
          rw section .huge.data, rw section .huge.noinit,
          rw section .huge_func.textrw, rw section .iar.dynexit,
          rw section .near.bss, rw section .near.data, rw section .near.noinit,
          rw section .near_func.textrw };
"A2":  place at start of [0x008000-0x009fff] { block INTVEC };
"P3":  place in [from 0x008000 to 0x009fff] {
          ro section __DLIB_PERTHREAD_init, ro section .far.data_init,
          ro section .far_func.textrw_init, ro section .huge.data_init,
          ro section .huge_func.textrw_init, ro section .iar.init_table,
          ro section .init_array, ro section .near.data_init,
          ro section .near.rodata, ro section .near_func.text,
          ro section .near_func.textrw_init, ro section .tiny.data_init,
          ro section .tiny.rodata_init };
"P4":  place in [from 0x008000 to 0x009fff] {
          ro section .far.rodata, ro section .far_func.text };
"P5":  place in [from 0x008000 to 0x009fff] {
          ro section .huge.rodata, ro section .huge_func.text };
do not initialize {
   rw section .eeprom.noinit, rw section .far.noinit, rw section .huge.noinit,
   rw section .near.noinit, rw section .tiny.noinit, rw section .vregs };

No sections matched the following patterns:

  ro section .far.data_init          in "P3-P5"
  ro section .far.rodata             in "P3-P5"
  ro section .far_func.text          in "P3-P5"
  ro section .far_func.textrw_init   in "P3-P5"
  ro section .huge.data_init         in "P3-P5"
  ro section .huge.rodata            in "P3-P5"
  ro section .huge_func.text         in "P3-P5"
  ro section .huge_func.textrw_init  in "P3-P5"
  ro section .iar.init_table         in "P3-P5"
  ro section .init_array             in "P3-P5"
  ro section .near.data_init         in "P3-P5"
  ro section .near_func.textrw_init  in "P3-P5"
  ro section .tiny.data_init         in "P3-P5"
  ro section .tiny.rodata_init       in "P3-P5"
  ro section __DLIB_PERTHREAD_init   in "P3-P5"
  rw section .far.bss                in "P2"
  rw section .far.data               in "P2"
  rw section .far.noinit             in "P2"
  rw section .far_func.textrw        in "P2"
  rw section .huge.bss               in "P2"
  rw section .huge.data              in "P2"
  rw section .huge.noinit            in "P2"
  rw section .huge_func.textrw       in "P2"
  rw section .iar.dynexit            in "P2"
  rw section .near.data              in "P2"
  rw section .near.noinit            in "P2"
  rw section .near_func.textrw       in "P2"
  rw section .tiny.bss               in "P1"
  rw section .tiny.data              in "P1"
  rw section .tiny.noinit            in "P1"
  rw section .tiny.rodata            in "P1"
  rw section __DLIB_PERTHREAD        in "P2"
  section .eeprom.data               in "P6-P8"
  section .eeprom.noinit             in "P6-P8"
  section .eeprom.rodata             in "P6-P8"


  Section          Kind      Address   Size  Object
  -------          ----      -------   ----  ------
"A0":                                  0x10
  .vregs           uninit   0x000000   0x10  vregs.o [4]
                          - 0x000010   0x10

"P2":                                  0x54
  .near.bss        zero     0x000010   0x50  uart.o [1]
  .near.bss        zero     0x000060    0x2  uart.o [1]
  .near.bss        zero     0x000062    0x1  uart.o [1]
  .near.bss        zero     0x000063    0x1  uart.o [1]
                          - 0x000064   0x54

"A1":                                 0x100
  CSTACK                    0x000300  0x100  <Block>
    CSTACK         uninit   0x000300  0x100  <Block tail>
                          - 0x000400  0x100

"A2":                                  0x80
  INTVEC                    0x008000   0x80  <Block>
    .intvec        const    0x008000   0x80  interrupt.o [4]
                          - 0x008080   0x80

"P3-P5":                              0xdf6
  .near_func.text  ro code  0x008080  0x19a  SYS.o [1]
  .near_func.text  ro code  0x00821a  0x187  tiny-json.o [1]
  .near_func.text  ro code  0x0083a1  0x135  tiny-json.o [1]
  .near_func.text  ro code  0x0084d6   0xc7  vreg_util.o [4]
  .near_func.text  ro code  0x00859d   0xae  Config_GPIO.o [1]
  .near_func.text  ro code  0x00864b   0x8e  stm8s_gpio.o [1]
  .near_func.text  ro code  0x0086d9   0x78  tiny-json.o [1]
  .near_func.text  ro code  0x008751   0x73  tiny-json.o [1]
  .near_func.text  ro code  0x0087c4   0x6a  tiny-json.o [1]
  .near_func.text  ro code  0x00882e   0x5f  tiny-json.o [1]
  .near_func.text  ro code  0x00888d   0x5a  tiny-json.o [1]
  .near_func.text  ro code  0x0088e7   0x46  SYS.o [1]
  .near_func.text  ro code  0x00892d   0x46  tiny-json.o [1]
  .near_func.text  ro code  0x008973   0x41  tiny-json.o [1]
  .near_func.text  ro code  0x0089b4   0x3e  tiny-json.o [1]
  .near_func.text  ro code  0x0089f2   0x3d  long.o [4]
  .near_func.text  ro code  0x008a2f   0x3c  uart.o [1]
  .near_func.text  ro code  0x008a6b   0x3b  long_util.o [4]
  .near_func.text  ro code  0x008aa6   0x38  tiny-json.o [1]
  .near_func.text  ro code  0x008ade   0x33  tiny-json.o [1]
  .near_func.text  ro code  0x008b11   0x32  tiny-json.o [1]
  .near_func.text  ro code  0x008b43   0x2f  tiny-json.o [1]
  .near_func.text  ro code  0x008b72   0x2e  tiny-json.o [1]
  .near_func.text  ro code  0x008ba0   0x2d  uart.o [1]
  .near_func.text  ro code  0x008bcd   0x2c  strcmp.o [4]
  .near_func.text  ro code  0x008bf9   0x26  tiny-json.o [1]
  .near_func.text  ro code  0x008c1f   0x25  tiny-json.o [1]
  .near_func.text  ro code  0x008c44   0x24  isxdigit.o [4]
  .near_func.text  ro code  0x008c68   0x22  tiny-json.o [1]
  .iar.init_table  const    0x008c8a    0x8  - Linker created -
  .near_func.text  ro code  0x008c92   0x1f  tiny-json.o [1]
  .near_func.text  ro code  0x008cb1   0x1e  tiny-json.o [1]
  .near_func.text  ro code  0x008ccf   0x1e  short.o [4]
  .near_func.text  ro code  0x008ced   0x1e  init_small.o [4]
  .near_func.text  ro code  0x008d0b   0x1d  DELAY.o [1]
  .near_func.text  ro code  0x008d28   0x1a  DELAY.o [1]
  .near.rodata     const    0x008d42   0x15  tiny-json.o [1]
  .near.rodata     const    0x008d57   0x14  tiny-json.o [1]
  .near_func.text  ro code  0x008d6b   0x14  main.o [1]
  .near_func.text  ro code  0x008d7f   0x14  init.o [4]
  .near_func.text  ro code  0x008d93   0x14  __dbg_xxexit.o [3]
  .near_func.text  ro code  0x008da7   0x13  cstartup.o [4]
  .near.rodata     const    0x008dba   0x10  tiny-json.o [1]
  .near_func.text  ro code  0x008dca   0x10  tiny-json.o [1]
  .near_func.text  ro code  0x008dda   0x10  uart.o [1]
  .near_func.text  ro code  0x008dea   0x10  isdigit.o [4]
  .near_func.text  ro code  0x008dfa    0xb  uart.o [1]
  .near_func.text  ro code  0x008e05    0xa  Config_GPIO.o [1]
  .near_func.text  ro code  0x008e0f    0x9  uart.o [1]
  .near_func.text  ro code  0x008e18    0x7  stm8s_gpio.o [1]
  .near.rodata     const    0x008e1f    0x6  tiny-json.o [1]
  .near.rodata     const    0x008e25    0x6  tiny-json.o [1]
  .near.rodata     const    0x008e2b    0x5  tiny-json.o [1]
  .near.rodata     const    0x008e30    0x5  tiny-json.o [1]
  .near_func.text  ro code  0x008e35    0x5  cexit.o [4]
  .near_func.text  ro code  0x008e3a    0x4  stm8s_gpio.o [1]
  .near.rodata     const    0x008e3e    0x3  SYS.o [1]
  .near.rodata     const    0x008e41    0x3  SYS.o [1]
  .near.rodata     const    0x008e44    0x3  SYS.o [1]
  .near.rodata     const    0x008e47    0x3  SYS.o [1]
  .near.rodata     const    0x008e4a    0x3  tiny-json.o [1]
  .near_func.text  ro code  0x008e4d    0x3  SYS.o [1]
  .near_func.text  ro code  0x008e50    0x3  interrupt.o [4]
  .near_func.text  ro code  0x008e53    0x3  low_level_init.o [4]
  .near_func.text  ro code  0x008e56    0x3  exit.o [4]
  .near_func.text  ro code  0x008e59    0x3  unhandled_exception.o [4]
  .near.rodata     const    0x008e5c    0x2  SYS.o [1]
  .near.rodata     const    0x008e5e    0x2  tiny-json.o [1]
  .near.rodata     const    0x008e60    0x2  tiny-json.o [1]
  .near_func.text  ro code  0x008e62    0x1  stm8s_it.o [1]
  .near_func.text  ro code  0x008e63    0x1  stm8s_it.o [1]
  .near_func.text  ro code  0x008e64    0x1  stm8s_it.o [1]
  .near_func.text  ro code  0x008e65    0x1  stm8s_it.o [1]
  .near_func.text  ro code  0x008e66    0x1  stm8s_it.o [1]
  .near_func.text  ro code  0x008e67    0x1  stm8s_it.o [1]
  .near_func.text  ro code  0x008e68    0x1  stm8s_it.o [1]
  .near_func.text  ro code  0x008e69    0x1  stm8s_it.o [1]
  .near_func.text  ro code  0x008e6a    0x1  stm8s_it.o [1]
  .near_func.text  ro code  0x008e6b    0x1  stm8s_it.o [1]
  .near_func.text  ro code  0x008e6c    0x1  stm8s_it.o [1]
  .near_func.text  ro code  0x008e6d    0x1  stm8s_it.o [1]
  .near_func.text  ro code  0x008e6e    0x1  stm8s_it.o [1]
  .near_func.text  ro code  0x008e6f    0x1  stm8s_it.o [1]
  .near_func.text  ro code  0x008e70    0x1  stm8s_it.o [1]
  .near_func.text  ro code  0x008e71    0x1  stm8s_it.o [1]
  .near_func.text  ro code  0x008e72    0x1  stm8s_it.o [1]
  .near_func.text  ro code  0x008e73    0x1  stm8s_it.o [1]
  .near_func.text  ro code  0x008e74    0x1  stm8s_it.o [1]
  .near_func.text  ro code  0x008e75    0x1  __dbg_break.o [3]
                          - 0x008e76  0xdf6


*******************************************************************************
*** INIT TABLE
***

          Address   Size
          -------   ----
Zero (__iar_zero_init2)
    1 destination range, total size 0x54:
          0x000010  0x54



*******************************************************************************
*** MODULE SUMMARY
***

    Module                 ro code  ro data  rw data
    ------                 -------  -------  -------
D:\2020\thang_3\breadboard\Breadboad_Stm8\breadboard_stm8\Project\Debug\Obj: [1]
    Config_GPIO.o              184
    DELAY.o                     55
    SYS.o                      483       14
    main.o                      20
    stm8s_gpio.o               153
    stm8s_it.o                  19
    tiny-json.o              1 859       86
    uart.o                     141                84
    ------------------------------------------------
    Total:                   2 914      100       84

command line: [2]
    ------------------------------------------------
    Total:

dbgstm8smd.a: [3]
    __dbg_break.o                1
    __dbg_xxexit.o              20
    ------------------------------------------------
    Total:                      21

dlstm8smn.a: [4]
    cexit.o                      5
    cstartup.o                  19
    exit.o                       3
    init.o                      20
    init_small.o                30
    interrupt.o                  3      128
    isdigit.o                   16
    isxdigit.o                  36
    long.o                      61
    long_util.o                 59
    low_level_init.o             3
    short.o                     30
    strcmp.o                    44
    unhandled_exception.o        3
    vreg_util.o                199
    vregs.o                                       16
    ------------------------------------------------
    Total:                     531      128       16

    Linker created                        8      256
----------------------------------------------------
    Grand Total:             3 466      236      356


*******************************************************************************
*** ENTRY LIST
***

Entry                    Address   Size  Type      Object
-----                    -------   ----  ----      ------
.iar.init_table$$Base   0x008c8a          --   Gb  - Linker created -
.iar.init_table$$Limit  0x008c92          --   Gb  - Linker created -
?b0                     0x000000         Data  Gb  vregs.o [4]
?b1                     0x000001         Data  Gb  vregs.o [4]
?b10                    0x00000a         Data  Gb  vregs.o [4]
?b11                    0x00000b         Data  Gb  vregs.o [4]
?b12                    0x00000c         Data  Gb  vregs.o [4]
?b13                    0x00000d         Data  Gb  vregs.o [4]
?b14                    0x00000e         Data  Gb  vregs.o [4]
?b15                    0x00000f         Data  Gb  vregs.o [4]
?b2                     0x000002         Data  Gb  vregs.o [4]
?b3                     0x000003         Data  Gb  vregs.o [4]
?b4                     0x000004         Data  Gb  vregs.o [4]
?b5                     0x000005         Data  Gb  vregs.o [4]
?b6                     0x000006         Data  Gb  vregs.o [4]
?b7                     0x000007         Data  Gb  vregs.o [4]
?b8                     0x000008         Data  Gb  vregs.o [4]
?b9                     0x000009         Data  Gb  vregs.o [4]
?e0                     0x000001         Data  Gb  vregs.o [4]
?e1                     0x000005         Data  Gb  vregs.o [4]
?e2                     0x000009         Data  Gb  vregs.o [4]
?e3                     0x00000d         Data  Gb  vregs.o [4]
?epilogue_l2            0x008551         Code  Gb  vreg_util.o [4]
?epilogue_l2_l3         0x00854e         Code  Gb  vreg_util.o [4]
?epilogue_l2_w6         0x008555         Code  Gb  vreg_util.o [4]
?epilogue_w4            0x00855c         Code  Gb  vreg_util.o [4]
?l0                     0x000000         Data  Gb  vregs.o [4]
?l1                     0x000004         Data  Gb  vregs.o [4]
?l2                     0x000008         Data  Gb  vregs.o [4]
?l3                     0x00000c         Data  Gb  vregs.o [4]
?load32_0x_l0           0x008a98         Code  Gb  long_util.o [4]
?load32_asp_l0          0x008a8c         Code  Gb  long_util.o [4]
?load32_dbsp_l0         0x008a87         Code  Gb  long_util.o [4]
?load32_l0_0x           0x008a7b         Code  Gb  long_util.o [4]
?load32_l0_asp          0x008a70         Code  Gb  long_util.o [4]
?load32_l0_dbsp         0x008a6b         Code  Gb  long_util.o [4]
?load32_l0_xsp          0x008a72         Code  Gb  long_util.o [4]
?load32_xsp_l0          0x008a8e         Code  Gb  long_util.o [4]
?mov_e0_e3              0x008586         Code  Gb  vreg_util.o [4]
?mov_e3_e0              0x008593         Code  Gb  vreg_util.o [4]
?mov_l0_l3              0x008583         Code  Gb  vreg_util.o [4]
?mov_l3_l0              0x008590         Code  Gb  vreg_util.o [4]
?mov_w0_w2              0x008560         Code  Gb  vreg_util.o [4]
?mov_w0_w6              0x008567         Code  Gb  vreg_util.o [4]
?mov_w1_w7              0x008589         Code  Gb  vreg_util.o [4]
?mov_w2_w0              0x00856e         Code  Gb  vreg_util.o [4]
?mov_w6_w5              0x008575         Code  Gb  vreg_util.o [4]
?mov_w7_w0              0x00857c         Code  Gb  vreg_util.o [4]
?mov_w7_w1              0x008596         Code  Gb  vreg_util.o [4]
?mul16_x_x_w0           0x008ccf         Code  Gb  short.o [4]
?or32_l0_l0_0x          0x0089f5         Code  Gb  long.o [4]
?or32_l0_l0_l1          0x0089f2         Code  Gb  long.o [4]
?pop_l2                 0x008530         Code  Gb  vreg_util.o [4]
?pop_l3                 0x00853b         Code  Gb  vreg_util.o [4]
?pop_w4                 0x0084f3         Code  Gb  vreg_util.o [4]
?pop_w6                 0x0084fa         Code  Gb  vreg_util.o [4]
?push_l2                0x008509         Code  Gb  vreg_util.o [4]
?push_l3                0x00850e         Code  Gb  vreg_util.o [4]
?push_w4                0x0084d6         Code  Gb  vreg_util.o [4]
?push_w6                0x0084db         Code  Gb  vreg_util.o [4]
?sll32_0x_0x_a          0x008a10         Code  Gb  long.o [4]
?sll32_l0_l0_a          0x008a0d         Code  Gb  long.o [4]
?sra32_0x_0x_a          0x008a21         Code  Gb  long.o [4]
?sra32_l0_l0_a          0x008a1e         Code  Gb  long.o [4]
?w0                     0x000000         Data  Gb  vregs.o [4]
?w1                     0x000002         Data  Gb  vregs.o [4]
?w2                     0x000004         Data  Gb  vregs.o [4]
?w3                     0x000006         Data  Gb  vregs.o [4]
?w4                     0x000008         Data  Gb  vregs.o [4]
?w5                     0x00000a         Data  Gb  vregs.o [4]
?w6                     0x00000c         Data  Gb  vregs.o [4]
?w7                     0x00000e         Data  Gb  vregs.o [4]
ADC1_IRQHandler         0x008e72    0x1  Code  Gb  stm8s_it.o [1]
AWU_IRQHandler          0x008e64    0x1  Code  Gb  stm8s_it.o [1]
CLK_IRQHandler          0x008e65    0x1  Code  Gb  stm8s_it.o [1]
CSTACK$$Base            0x000300          --   Gb  - Linker created -
CSTACK$$Limit           0x000400          --   Gb  - Linker created -
Convert2Number          0x0088e7   0x46  Code  Gb  SYS.o [1]
EEPROM_EEC_IRQHandler   0x008e74    0x1  Code  Gb  stm8s_it.o [1]
EXTI_PORTA_IRQHandler   0x008e66    0x1  Code  Gb  stm8s_it.o [1]
EXTI_PORTB_IRQHandler   0x008e67    0x1  Code  Gb  stm8s_it.o [1]
EXTI_PORTC_IRQHandler   0x008e68    0x1  Code  Gb  stm8s_it.o [1]
EXTI_PORTD_IRQHandler   0x008e69    0x1  Code  Gb  stm8s_it.o [1]
EXTI_PORTE_IRQHandler   0x008e6a    0x1  Code  Gb  stm8s_it.o [1]
Fn_Delayms              0x008d28   0x1a  Code  Gb  DELAY.o [1]
Fn_Delayus              0x008d0b   0x1d  Code  Gb  DELAY.o [1]
GPIO_Init               0x00864b   0x8e  Code  Gb  stm8s_gpio.o [1]
GPIO_WriteHigh          0x008e18    0x7  Code  Gb  stm8s_gpio.o [1]
GPIO_WriteLow           0x008e3a    0x4  Code  Gb  stm8s_gpio.o [1]
I2C_IRQHandler          0x008e71    0x1  Code  Gb  stm8s_it.o [1]
INTVEC$$Base            0x008000          --   Gb  - Linker created -
INTVEC$$Limit           0x008080          --   Gb  - Linker created -
IO_CLK                  0x00859d   0x1a  Code  Gb  Config_GPIO.o [1]
IO_Config               0x0085eb   0x54  Code  Gb  Config_GPIO.o [1]
IO_ControlData          0x008e05    0xa  Code  Gb  Config_GPIO.o [1]
IO_Init                 0x00863f    0xc  Code  Gb  Config_GPIO.o [1]
IO_RST                  0x0085d1   0x1a  Code  Gb  Config_GPIO.o [1]
IO_SYN                  0x0085b7   0x1a  Code  Gb  Config_GPIO.o [1]
RRX                     0x000010   0x50  Data  Gb  uart.o [1]
RXI                     0x000060    0x2  Data  Gb  uart.o [1]
RX_FLAG_END_LINE        0x000062    0x1  Data  Gb  uart.o [1]
Region$$Table$$Base     0x008c8a          --   Gb  - Linker created -
Region$$Table$$Limit    0x008c92          --   Gb  - Linker created -
SPI_IRQHandler          0x008e6b    0x1  Code  Gb  stm8s_it.o [1]
SYS_Init                0x008e4d    0x3  Code  Gb  SYS.o [1]
SYS_Run                 0x008080  0x19a  Code  Gb  SYS.o [1]
TIM1_CAP_COM_IRQHandler
                        0x008e6d    0x1  Code  Gb  stm8s_it.o [1]
TIM1_UPD_OVF_TRG_BRK_IRQHandler
                        0x008e6c    0x1  Code  Gb  stm8s_it.o [1]
TIM2_CAP_COM_IRQHandler
                        0x008e6f    0x1  Code  Gb  stm8s_it.o [1]
TIM2_UPD_OVF_BRK_IRQHandler
                        0x008e6e    0x1  Code  Gb  stm8s_it.o [1]
TIM4_UPD_OVF_IRQHandler
                        0x008e73    0x1  Code  Gb  stm8s_it.o [1]
TLI_IRQHandler          0x008e63    0x1  Code  Gb  stm8s_it.o [1]
TRAP_IRQHandler         0x008e62    0x1  Code  Gb  stm8s_it.o [1]
UART1_RX_IRQHandler     0x008ba0   0x2d  Code  Gb  uart.o [1]
UART1_TX_IRQHandler     0x008e70    0x1  Code  Gb  stm8s_it.o [1]
UART_Flag               0x008dda   0x10  Code  Gb  uart.o [1]
UART_Init               0x008a2f   0x3c  Code  Gb  uart.o [1]
UART_Send_Char          0x008e0f    0x9  Code  Gb  uart.o [1]
UART_Send_String        0x008dfa    0xb  Code  Gb  uart.o [1]
__DebugBreak            0x008e75    0x1  Code  Gb  __dbg_break.o [3]
__exit                  0x008d93   0x14  Code  Gb  __dbg_xxexit.o [3]
__iar_data_init2        0x008d7f   0x14  Code  Gb  init.o [4]
__iar_program_start     0x008da7         Code  Gb  cstartup.o [4]
__iar_unhandled_exception
                        0x008e59         Code  Gb  unhandled_exception.o [4]
__iar_zero_init2        0x008ced         Code  Gb  init_small.o [4]
__intvec                0x008000         Data  Gb  interrupt.o [4]
__low_level_init        0x008e53    0x3  Code  Gb  low_level_init.o [4]
_exit                   0x008e35         Code  Gb  cexit.o [4]
_interrupt_1            0x008e62         Code  Gb  stm8s_it.o [1]
_interrupt_12           0x008e6b         Code  Gb  stm8s_it.o [1]
_interrupt_13           0x008e6c         Code  Gb  stm8s_it.o [1]
_interrupt_14           0x008e6d         Code  Gb  stm8s_it.o [1]
_interrupt_15           0x008e6e         Code  Gb  stm8s_it.o [1]
_interrupt_16           0x008e6f         Code  Gb  stm8s_it.o [1]
_interrupt_19           0x008e70         Code  Gb  stm8s_it.o [1]
_interrupt_2            0x008e63         Code  Gb  stm8s_it.o [1]
_interrupt_20           0x008ba0         Code  Gb  uart.o [1]
_interrupt_21           0x008e71         Code  Gb  stm8s_it.o [1]
_interrupt_24           0x008e72         Code  Gb  stm8s_it.o [1]
_interrupt_25           0x008e73         Code  Gb  stm8s_it.o [1]
_interrupt_26           0x008e74         Code  Gb  stm8s_it.o [1]
_interrupt_3            0x008e64         Code  Gb  stm8s_it.o [1]
_interrupt_4            0x008e65         Code  Gb  stm8s_it.o [1]
_interrupt_5            0x008e66         Code  Gb  stm8s_it.o [1]
_interrupt_6            0x008e67         Code  Gb  stm8s_it.o [1]
_interrupt_7            0x008e68         Code  Gb  stm8s_it.o [1]
_interrupt_8            0x008e69         Code  Gb  stm8s_it.o [1]
_interrupt_9            0x008e6a         Code  Gb  stm8s_it.o [1]
add                     0x008b11   0x32  Code  Lc  tiny-json.o [1]
blank                   0x008e5e    0x2  Data  Lc  tiny-json.o [1]
checkStr                0x008bf9   0x26  Code  Lc  tiny-json.o [1]
endofblock              0x008e60    0x2  Data  Lc  tiny-json.o [1]
exit                    0x008e56    0x3  Code  Gb  exit.o [4]
expValue                0x008aa6   0x38  Code  Lc  tiny-json.o [1]
falseValue              0x008812    0xe  Code  Lc  tiny-json.o [1]
fraqValue               0x008b72   0x2e  Code  Lc  tiny-json.o [1]
getCharFromUnicode      0x008b43   0x2f  Code  Lc  tiny-json.o [1]
getEscape               0x008cb1   0x1e  Code  Lc  tiny-json.o [1]
getEscape::pair         0x008dba   0x10  Data  Lc  tiny-json.o [1]
goBlank                 0x00877a    0x7  Code  Lc  tiny-json.o [1]
goNum                   0x008c1f   0x25  Code  Lc  tiny-json.o [1]
goWhile                 0x008751   0x29  Code  Lc  tiny-json.o [1]
isEndOfPrimitive        0x008af2   0x1f  Code  Lc  tiny-json.o [1]
isOneOfThem             0x008ade   0x14  Code  Lc  tiny-json.o [1]
isdigit                 0x008dea   0x10  Code  Gb  isdigit.o [4]
isxdigit                0x008c44   0x24  Code  Gb  isxdigit.o [4]
json_ReturnData         0x00896d    0x6  Code  Gb  tiny-json.o [1]
json_create             0x008c68   0x22  Code  Gb  tiny-json.o [1]
json_createWithPool     0x00882e   0x5f  Code  Gb  tiny-json.o [1]
json_getProperty        0x008897   0x37  Code  Gb  tiny-json.o [1]
json_getPropertyValue   0x0088ce   0x19  Code  Gb  tiny-json.o [1]
json_getType            0x008892    0x5  Code  Lc  tiny-json.o [1]
json_getValue           0x00888d    0x5  Code  Lc  tiny-json.o [1]
main                    0x008d6b   0x14  Code  Gb  main.o [1]
nullValue               0x008804    0xe  Code  Lc  tiny-json.o [1]
numValue                0x0083a1  0x135  Code  Lc  tiny-json.o [1]
numValue{4}{5}::max     0x008d57   0x14  Data  Lc  tiny-json.o [1]
numValue{4}{5}::min     0x008d42   0x15  Data  Lc  tiny-json.o [1]
objValue                0x00821a  0x187  Code  Lc  tiny-json.o [1]
parseString             0x0086d9   0x78  Code  Lc  tiny-json.o [1]
poolAlloc               0x008973   0x41  Code  Lc  tiny-json.o [1]
poolInit                0x008dca   0x10  Code  Lc  tiny-json.o [1]
primitiveValue          0x0087c4   0x40  Code  Lc  tiny-json.o [1]
propertyName            0x008781   0x43  Code  Lc  tiny-json.o [1]
setToNull               0x008c92   0x1f  Code  Lc  tiny-json.o [1]
strcmp                  0x008bcd   0x2c  Code  Gb  strcmp.o [4]
temp_char               0x000063    0x1  Data  Gb  uart.o [1]
textValue               0x0089b4   0x3e  Code  Lc  tiny-json.o [1]
trueValue               0x008820    0xe  Code  Lc  tiny-json.o [1]
unconstchar             0x00892d   0x40  Code  Gb  tiny-json.o [1]


[1] = D:\2020\thang_3\breadboard\Breadboad_Stm8\breadboard_stm8\Project\Debug\Obj
[2] = command line
[3] = dbgstm8smd.a
[4] = dlstm8smn.a

  3 466 bytes of readonly  code memory
    236 bytes of readonly  data memory
    356 bytes of readwrite data memory

Errors: none
Warnings: none
